// Jest Snapshot v1, https://goo.gl/fbAQLP

exports[`getData Saga should call the dataLoadingError action if the response errors 1`] = `
Object {
  "@@redux-saga/IO": true,
  "combinator": false,
  "payload": Object {
    "args": Array [
      "http://localhost:3000/api",
    ],
    "context": null,
    "fn": [Function],
  },
  "type": "CALL",
}
`;

exports[`getData Saga should call the dataLoadingError action if the response errors 2`] = `
Object {
  "@@redux-saga/IO": true,
  "combinator": false,
  "payload": Object {
    "action": Object {
      "data": undefined,
      "type": "boilerplate/App/LOAD_DATA_SUCCESS",
    },
    "channel": undefined,
  },
  "type": "PUT",
}
`;

exports[`getData Saga should dispatch the dataLoaded action if it requests the data successfully 1`] = `
Object {
  "@@redux-saga/IO": true,
  "combinator": false,
  "payload": Object {
    "args": Array [
      "http://localhost:3000/api",
    ],
    "context": null,
    "fn": [Function],
  },
  "type": "CALL",
}
`;

exports[`getData Saga should dispatch the dataLoaded action if it requests the data successfully 2`] = `
Object {
  "@@redux-saga/IO": true,
  "combinator": false,
  "payload": Object {
    "action": Object {
      "data": undefined,
      "type": "boilerplate/App/LOAD_DATA_SUCCESS",
    },
    "channel": undefined,
  },
  "type": "PUT",
}
`;
